// Jest Snapshot v1, https://goo.gl/fbAQLP

exports[`Testing Square component Square match snapshot 1`] = `
<DocumentFragment>
  <button
    class="sc-bdnxRM etPaJv"
    data-testid="square"
  />
</DocumentFragment>
`;
